\BOOKMARK [1][-]{section.1}{\376\377\000T\000h\000e\000\040\000R\000e\000a\000l\000\040\000P\000r\000o\000b\000l\000e\000m\000\040\000\050\000R\000e\000a\000d\000\040\000T\000h\000i\000s\000\040\000F\000i\000r\000s\000t\000\051}{}% 1
\BOOKMARK [2][-]{subsection.1.1}{\376\377\000T\000h\000e\000\040\0009\000\040\000E\000x\000e\000r\000c\000i\000s\000e\000\040\000T\000y\000p\000e\000s\000\040\000\050\000M\000a\000p\000\051}{section.1}% 2
\BOOKMARK [2][-]{subsection.1.2}{\376\377\000W\000h\000a\000t\000\040\000Y\000o\000u\000\040\000M\000u\000s\000t\000\040\000K\000n\000o\000w\000\040\000C\000o\000l\000d\000\040\000\050\000B\000e\000f\000o\000r\000e\000\040\000A\000n\000y\000t\000h\000i\000n\000g\000\040\000E\000l\000s\000e\000\051}{section.1}% 3
\BOOKMARK [1][-]{section.2}{\376\377\000T\000y\000p\000e\000\040\0001\000:\000\040\000D\000e\000f\000i\000n\000i\000t\000i\000o\000n\000\040\000C\000h\000e\000c\000k\000i\000n\000g}{}% 4
\BOOKMARK [2][-]{subsection.2.1}{\376\377\000T\000h\000e\000\040\000M\000e\000t\000h\000o\000d\000\040\000\050\000S\000t\000e\000p\000\040\000b\000y\000\040\000S\000t\000e\000p\000\051}{section.2}% 5
\BOOKMARK [2][-]{subsection.2.2}{\376\377\000W\000o\000r\000k\000e\000d\000\040\000E\000x\000a\000m\000p\000l\000e\000:\000\040\000`\000`\000C\000a\000n\000\040\000a\000\040\000D\000T\000M\000\040\000w\000r\000i\000t\000e\000\040\000t\000h\000e\000\040\000b\000l\000a\000n\000k\000\040\000s\000y\000m\000b\000o\000l\000?\000'\000'}{section.2}% 6
\BOOKMARK [2][-]{subsection.2.3}{\376\377\000W\000o\000r\000k\000e\000d\000\040\000E\000x\000a\000m\000p\000l\000e\000:\000\040\000`\000`\000I\000s\000\040\000t\000h\000i\000s\000\040\000d\000e\000f\000i\000n\000i\000t\000i\000o\000n\000\040\000o\000f\000\040\000C\000E\000\040\000c\000o\000r\000r\000e\000c\000t\000?\000'\000'}{section.2}% 7
\BOOKMARK [2][-]{subsection.2.4}{\376\377\000T\000h\000e\000\040\000C\000h\000e\000c\000k\000l\000i\000s\000t\000\040\000f\000o\000r\000\040\000D\000e\000f\000i\000n\000i\000t\000i\000o\000n\000-\000C\000h\000e\000c\000k\000i\000n\000g\000\040\000Q\000u\000e\000s\000t\000i\000o\000n\000s}{section.2}% 8
\BOOKMARK [2][-]{subsection.2.5}{\376\377\000C\000o\000u\000n\000t\000e\000r\000e\000x\000a\000m\000p\000l\000e\000\040\000S\000t\000r\000a\000t\000e\000g\000y\000\040\000\050\000f\000o\000r\000\040\000T\000r\000u\000e\000/\000F\000a\000l\000s\000e\000\040\000C\000l\000a\000i\000m\000s\000\051}{section.2}% 9
\BOOKMARK [1][-]{section.3}{\376\377\000T\000y\000p\000e\000\040\0002\000:\000\040\000M\000e\000c\000h\000a\000n\000i\000c\000a\000l\000\040\000T\000r\000a\000c\000i\000n\000g\000\040\000\050\000R\000u\000n\000s\000\051}{}% 10
\BOOKMARK [2][-]{subsection.3.1}{\376\377\000T\000h\000e\000\040\000M\000e\000t\000h\000o\000d\000\040\000\050\000S\000t\000e\000p\000\040\000b\000y\000\040\000S\000t\000e\000p\000\051}{section.3}% 11
\BOOKMARK [2][-]{subsection.3.2}{\376\377\000W\000o\000r\000k\000e\000d\000\040\000E\000x\000a\000m\000p\000l\000e\000:\000\040\000A\000\040\000F\000u\000l\000l\000\040\000T\000r\000a\000c\000e}{section.3}% 12
\BOOKMARK [2][-]{subsection.3.3}{\376\377\000C\000o\000m\000m\000o\000n\000\040\000M\000i\000s\000t\000a\000k\000e\000s\000\040\000i\000n\000\040\000T\000r\000a\000c\000i\000n\000g}{section.3}% 13
\BOOKMARK [1][-]{section.4}{\376\377\000T\000y\000p\000e\000\040\0003\000:\000\040\000D\000T\000M\000/\000N\000T\000M\000\040\000C\000o\000n\000s\000t\000r\000u\000c\000t\000i\000o\000n}{}% 14
\BOOKMARK [2][-]{subsection.4.1}{\376\377\000T\000h\000e\000\040\000M\000e\000t\000h\000o\000d\000\040\000\050\000S\000t\000e\000p\000\040\000b\000y\000\040\000S\000t\000e\000p\000\051}{section.4}% 15
\BOOKMARK [2][-]{subsection.4.2}{\376\377\000T\000h\000e\000\040\000K\000e\000y\000\040\000I\000n\000s\000i\000g\000h\000t\000:\000\040\000S\000t\000a\000t\000e\000s\000\040\000=\000\040\000M\000e\000m\000o\000r\000y}{section.4}% 16
\BOOKMARK [2][-]{subsection.4.3}{\376\377\000W\000o\000r\000k\000e\000d\000\040\000E\000x\000a\000m\000p\000l\000e\000:\000\040\000F\000i\000r\000s\000t\000\040\000L\000e\000t\000t\000e\000r\000\040\000=\000\040\000L\000a\000s\000t\000\040\000L\000e\000t\000t\000e\000r}{section.4}% 17
\BOOKMARK [2][-]{subsection.4.4}{\376\377\000S\000t\000a\000t\000e\000\040\000D\000i\000a\000g\000r\000a\000m\000\040\000V\000i\000s\000u\000a\000l\000i\000z\000a\000t\000i\000o\000n}{section.4}% 18
\BOOKMARK [2][-]{subsection.4.5}{\376\377\000T\000h\000e\000\040\000A\000n\000s\000w\000e\000r\000\040\000F\000o\000r\000m\000a\000t\000\040\000t\000h\000e\000\040\000G\000r\000a\000d\000e\000r\000\040\000E\000x\000p\000e\000c\000t\000s}{section.4}% 19
\BOOKMARK [2][-]{subsection.4.6}{\376\377\000N\000T\000M\000\040\000C\000o\000n\000s\000t\000r\000u\000c\000t\000i\000o\000n\000:\000\040\000W\000h\000e\000n\000\040\000a\000n\000d\000\040\000H\000o\000w}{section.4}% 20
\BOOKMARK [1][-]{section.5}{\376\377\000T\000y\000p\000e\000\040\0004\000:\000\040\000S\000i\000m\000u\000l\000a\000t\000i\000o\000n\000\040\000/\000\040\000R\000o\000b\000u\000s\000t\000n\000e\000s\000s\000\040\000P\000r\000o\000o\000f\000s}{}% 21
\BOOKMARK [2][-]{subsection.5.1}{\376\377\000T\000h\000e\000\040\000M\000e\000t\000h\000o\000d}{section.5}% 22
\BOOKMARK [2][-]{subsection.5.2}{\376\377\000W\000o\000r\000k\000e\000d\000\040\000E\000x\000a\000m\000p\000l\000e\000:\000\040\000T\000h\000e\000\040\000`\000`\000S\000t\000a\000y\000'\000'\000\040\000D\000i\000r\000e\000c\000t\000i\000o\000n}{section.5}% 23
\BOOKMARK [1][-]{section.6}{\376\377\000T\000y\000p\000e\000\040\0005\000:\000\040\000S\000p\000o\000t\000\040\000t\000h\000e\000\040\000E\000r\000r\000o\000r\000\040\000i\000n\000\040\000P\000r\000o\000o\000f\000s}{}% 24
\BOOKMARK [2][-]{subsection.6.1}{\376\377\000T\000h\000e\000\040\000M\000e\000t\000h\000o\000d}{section.6}% 25
\BOOKMARK [1][-]{section.7}{\376\377\000T\000y\000p\000e\000\040\0006\000:\000\040\000C\000l\000o\000s\000u\000r\000e\000\040\000P\000r\000o\000p\000e\000r\000t\000i\000e\000s}{}% 26
\BOOKMARK [2][-]{subsection.7.1}{\376\377\000T\000h\000e\000\040\000M\000e\000t\000h\000o\000d}{section.7}% 27
\BOOKMARK [1][-]{section.8}{\376\377\000T\000y\000p\000e\000\040\0007\000:\000\040\000C\000o\000m\000p\000u\000t\000a\000b\000i\000l\000i\000t\000y\000\040\000C\000l\000a\000s\000s\000i\000f\000i\000c\000a\000t\000i\000o\000n}{}% 28
\BOOKMARK [2][-]{subsection.8.1}{\376\377\000T\000h\000e\000\040\000D\000e\000c\000i\000s\000i\000o\000n\000\040\000F\000l\000o\000w\000c\000h\000a\000r\000t}{section.8}% 29
\BOOKMARK [2][-]{subsection.8.2}{\376\377\000W\000r\000i\000t\000i\000n\000g\000\040\000t\000h\000e\000\040\000D\000T\000M\000\040\000f\000o\000r\000\040\000C\000o\000m\000p\000u\000t\000a\000b\000l\000e\000\040\000C\000a\000s\000e\000s}{section.8}% 30
\BOOKMARK [1][-]{section.9}{\376\377\000T\000y\000p\000e\000\040\0008\000:\000\040\000R\000e\000d\000u\000c\000t\000i\000o\000n\000\040\000P\000r\000o\000o\000f\000s}{}% 31
\BOOKMARK [2][-]{subsection.9.1}{\376\377\000W\000h\000a\000t\000\040\000a\000\040\000R\000e\000d\000u\000c\000t\000i\000o\000n\000\040\000A\000c\000t\000u\000a\000l\000l\000y\000\040\000I\000s}{section.9}% 32
\BOOKMARK [2][-]{subsection.9.2}{\376\377\000T\000h\000e\000\040\000M\000e\000t\000h\000o\000d}{section.9}% 33
\BOOKMARK [2][-]{subsection.9.3}{\376\377\000W\000o\000r\000k\000e\000d\000\040\000E\000x\000a\000m\000p\000l\000e\000:\000\040\000N\000E\000P\000\040\000i\000s\000\040\000N\000o\000t\000\040\000C\000o\000m\000p\000u\000t\000a\000b\000l\000e}{section.9}% 34
\BOOKMARK [1][-]{section.10}{\376\377\000T\000y\000p\000e\000\040\0009\000:\000\040\000C\000E\000\040\000v\000s\000\040\000C\000o\000m\000p\000u\000t\000a\000b\000l\000e\000\040\000A\000r\000g\000u\000m\000e\000n\000t\000s}{}% 35
\BOOKMARK [2][-]{subsection.10.1}{\376\377\000T\000h\000e\000\040\000T\000h\000r\000e\000e\000\040\000K\000e\000y\000\040\000T\000o\000o\000l\000s}{section.10}% 36
\BOOKMARK [2][-]{subsection.10.2}{\376\377\000W\000o\000r\000k\000e\000d\000\040\000E\000x\000a\000m\000p\000l\000e\000:\000\040\000H\000P\000\040\000i\000s\000\040\000C\000E}{section.10}% 37
\BOOKMARK [2][-]{subsection.10.3}{\376\377\000W\000o\000r\000k\000e\000d\000\040\000E\000x\000a\000m\000p\000l\000e\000:\000\040\000A\000P\000\040\000i\000s\000\040\000N\000o\000t\000\040\000C\000E}{section.10}% 38
\BOOKMARK [1][-]{section.11}{\376\377\000P\000u\000t\000t\000i\000n\000g\000\040\000I\000t\000\040\000A\000l\000l\000\040\000T\000o\000g\000e\000t\000h\000e\000r\000:\000\040\000Y\000o\000u\000r\000\040\000S\000t\000u\000d\000y\000\040\000P\000l\000a\000n}{}% 39
\BOOKMARK [2][-]{subsection.11.1}{\376\377\000Q\000u\000i\000c\000k\000\040\000R\000e\000f\000e\000r\000e\000n\000c\000e\000:\000\040\000W\000h\000i\000c\000h\000\040\000T\000e\000m\000p\000l\000a\000t\000e\000\040\000f\000o\000r\000\040\000W\000h\000i\000c\000h\000\040\000E\000x\000e\000r\000c\000i\000s\000e}{section.11}% 40
\BOOKMARK [2][-]{subsection.11.2}{\376\377\000T\000h\000e\000\040\000A\000n\000s\000w\000e\000r\000\040\000F\000o\000r\000m\000a\000t\000\040\000C\000h\000e\000a\000t\000\040\000S\000h\000e\000e\000t}{section.11}% 41
